Duplicated file found; will not be sent for synthesis: c:/Users/master/Desktop/final/CICC1837比赛资料/杯赛作品/vivado/fpga_hdmi/fpga_jjw1.srcs/sources_1/bd/sys_bd_design/ipshared/ef1e/hdl/lib_cdc_v1_0_rfs.vhd
Duplicated file found; will not be sent for synthesis: c:/Users/master/Desktop/final/CICC1837比赛资料/杯赛作品/vivado/fpga_hdmi/fpga_jjw1.srcs/sources_1/bd/sys_bd_design/ipshared/37c2/hdl/blk_mem_gen_v8_4_vhsyn_rfs.vhd
Duplicated file found; will not be sent for synthesis: c:/Users/master/Desktop/final/CICC1837比赛资料/杯赛作品/vivado/fpga_hdmi/fpga_jjw1.srcs/sources_1/bd/sys_bd_design/ipshared/64f4/hdl/fifo_generator_v13_2_vhsyn_rfs.vhd
Duplicated file found; will not be sent for synthesis: c:/Users/master/Desktop/final/CICC1837比赛资料/杯赛作品/vivado/fpga_hdmi/fpga_jjw1.srcs/sources_1/bd/sys_bd_design/ipshared/ef1e/hdl/lib_cdc_v1_0_rfs.vhd
Duplicated file found; will not be sent for synthesis: c:/Users/master/Desktop/final/CICC1837比赛资料/杯赛作品/vivado/fpga_hdmi/fpga_jjw1.srcs/sources_1/bd/sys_bd_design/ipshared/8842/hdl/proc_sys_reset_v5_0_vh_rfs.vhd
Duplicated file found; will not be sent for synthesis: c:/Users/master/Desktop/final/CICC1837比赛资料/杯赛作品/vivado/fpga_hdmi/fpga_jjw1.srcs/sources_1/bd/sys_bd_design/ipshared/979d/hdl/verilog/sc_util_v1_0_4_constants.vh
Duplicated file found; will not be sent for synthesis: c:/Users/master/Desktop/final/CICC1837比赛资料/杯赛作品/vivado/fpga_hdmi/fpga_jjw1.srcs/sources_1/bd/sys_bd_design/ipshared/979d/hdl/verilog/sc_util_v1_0_4_structs.svh
Duplicated file found; will not be sent for synthesis: c:/Users/master/Desktop/final/CICC1837比赛资料/杯赛作品/vivado/fpga_hdmi/fpga_jjw1.srcs/sources_1/bd/sys_bd_design/ipshared/979d/hdl/sc_util_v1_0_vl_rfs.sv
Duplicated file found; will not be sent for synthesis: c:/Users/master/Desktop/final/CICC1837比赛资料/杯赛作品/vivado/fpga_hdmi/fpga_jjw1.srcs/sources_1/bd/sys_bd_design/ipshared/c012/hdl/sc_switchboard_v1_0_vl_rfs.sv
Duplicated file found; will not be sent for synthesis: c:/Users/master/Desktop/final/CICC1837比赛资料/杯赛作品/vivado/fpga_hdmi/fpga_jjw1.srcs/sources_1/bd/sys_bd_design/ipshared/979d/hdl/verilog/sc_util_v1_0_4_constants.vh
Duplicated file found; will not be sent for synthesis: c:/Users/master/Desktop/final/CICC1837比赛资料/杯赛作品/vivado/fpga_hdmi/fpga_jjw1.srcs/sources_1/bd/sys_bd_design/ipshared/979d/hdl/verilog/sc_util_v1_0_4_structs.svh
Duplicated file found; will not be sent for synthesis: c:/Users/master/Desktop/final/CICC1837比赛资料/杯赛作品/vivado/fpga_hdmi/fpga_jjw1.srcs/sources_1/bd/sys_bd_design/ipshared/979d/hdl/sc_util_v1_0_vl_rfs.sv
Duplicated file found; will not be sent for synthesis: c:/Users/master/Desktop/final/CICC1837比赛资料/杯赛作品/vivado/fpga_hdmi/fpga_jjw1.srcs/sources_1/bd/sys_bd_design/ipshared/c012/hdl/sc_switchboard_v1_0_vl_rfs.sv
Duplicated file found; will not be sent for synthesis: c:/Users/master/Desktop/final/CICC1837比赛资料/杯赛作品/vivado/fpga_hdmi/fpga_jjw1.srcs/sources_1/bd/sys_bd_design/ipshared/979d/hdl/verilog/sc_util_v1_0_4_constants.vh
Duplicated file found; will not be sent for synthesis: c:/Users/master/Desktop/final/CICC1837比赛资料/杯赛作品/vivado/fpga_hdmi/fpga_jjw1.srcs/sources_1/bd/sys_bd_design/ipshared/979d/hdl/verilog/sc_util_v1_0_4_structs.svh
Duplicated file found; will not be sent for synthesis: c:/Users/master/Desktop/final/CICC1837比赛资料/杯赛作品/vivado/fpga_hdmi/fpga_jjw1.srcs/sources_1/bd/sys_bd_design/ipshared/979d/hdl/sc_util_v1_0_vl_rfs.sv
Duplicated file found; will not be sent for synthesis: c:/Users/master/Desktop/final/CICC1837比赛资料/杯赛作品/vivado/fpga_hdmi/fpga_jjw1.srcs/sources_1/bd/sys_bd_design/ipshared/c012/hdl/sc_switchboard_v1_0_vl_rfs.sv
Duplicated file found; will not be sent for synthesis: c:/Users/master/Desktop/final/CICC1837比赛资料/杯赛作品/vivado/fpga_hdmi/fpga_jjw1.srcs/sources_1/bd/sys_bd_design/ipshared/979d/hdl/verilog/sc_util_v1_0_4_constants.vh
Duplicated file found; will not be sent for synthesis: c:/Users/master/Desktop/final/CICC1837比赛资料/杯赛作品/vivado/fpga_hdmi/fpga_jjw1.srcs/sources_1/bd/sys_bd_design/ipshared/979d/hdl/verilog/sc_util_v1_0_4_structs.svh
Duplicated file found; will not be sent for synthesis: c:/Users/master/Desktop/final/CICC1837比赛资料/杯赛作品/vivado/fpga_hdmi/fpga_jjw1.srcs/sources_1/bd/sys_bd_design/ipshared/979d/hdl/sc_util_v1_0_vl_rfs.sv
Duplicated file found; will not be sent for synthesis: c:/Users/master/Desktop/final/CICC1837比赛资料/杯赛作品/vivado/fpga_hdmi/fpga_jjw1.srcs/sources_1/bd/sys_bd_design/ipshared/c012/hdl/sc_switchboard_v1_0_vl_rfs.sv
Duplicated file found; will not be sent for synthesis: c:/Users/master/Desktop/final/CICC1837比赛资料/杯赛作品/vivado/fpga_hdmi/fpga_jjw1.srcs/sources_1/bd/sys_bd_design/ipshared/979d/hdl/verilog/sc_util_v1_0_4_constants.vh
Duplicated file found; will not be sent for synthesis: c:/Users/master/Desktop/final/CICC1837比赛资料/杯赛作品/vivado/fpga_hdmi/fpga_jjw1.srcs/sources_1/bd/sys_bd_design/ipshared/979d/hdl/verilog/sc_util_v1_0_4_structs.svh
Duplicated file found; will not be sent for synthesis: c:/Users/master/Desktop/final/CICC1837比赛资料/杯赛作品/vivado/fpga_hdmi/fpga_jjw1.srcs/sources_1/bd/sys_bd_design/ipshared/979d/hdl/sc_util_v1_0_vl_rfs.sv
Duplicated file found; will not be sent for synthesis: c:/Users/master/Desktop/final/CICC1837比赛资料/杯赛作品/vivado/fpga_hdmi/fpga_jjw1.srcs/sources_1/bd/sys_bd_design/ipshared/979d/hdl/verilog/sc_util_v1_0_4_constants.vh
Duplicated file found; will not be sent for synthesis: c:/Users/master/Desktop/final/CICC1837比赛资料/杯赛作品/vivado/fpga_hdmi/fpga_jjw1.srcs/sources_1/bd/sys_bd_design/ipshared/979d/hdl/verilog/sc_util_v1_0_4_structs.svh
Duplicated file found; will not be sent for synthesis: c:/Users/master/Desktop/final/CICC1837比赛资料/杯赛作品/vivado/fpga_hdmi/fpga_jjw1.srcs/sources_1/bd/sys_bd_design/ipshared/979d/hdl/sc_util_v1_0_vl_rfs.sv
Duplicated file found; will not be sent for synthesis: c:/Users/master/Desktop/final/CICC1837比赛资料/杯赛作品/vivado/fpga_hdmi/fpga_jjw1.srcs/sources_1/bd/sys_bd_design/ipshared/979d/hdl/verilog/sc_util_v1_0_4_constants.vh
Duplicated file found; will not be sent for synthesis: c:/Users/master/Desktop/final/CICC1837比赛资料/杯赛作品/vivado/fpga_hdmi/fpga_jjw1.srcs/sources_1/bd/sys_bd_design/ipshared/979d/hdl/verilog/sc_util_v1_0_4_structs.svh
Duplicated file found; will not be sent for synthesis: c:/Users/master/Desktop/final/CICC1837比赛资料/杯赛作品/vivado/fpga_hdmi/fpga_jjw1.srcs/sources_1/bd/sys_bd_design/ipshared/979d/hdl/sc_util_v1_0_vl_rfs.sv
Duplicated file found; will not be sent for synthesis: c:/Users/master/Desktop/final/CICC1837比赛资料/杯赛作品/vivado/fpga_hdmi/fpga_jjw1.srcs/sources_1/bd/sys_bd_design/ipshared/979d/hdl/verilog/sc_util_v1_0_4_constants.vh
Duplicated file found; will not be sent for synthesis: c:/Users/master/Desktop/final/CICC1837比赛资料/杯赛作品/vivado/fpga_hdmi/fpga_jjw1.srcs/sources_1/bd/sys_bd_design/ipshared/979d/hdl/verilog/sc_util_v1_0_4_structs.svh
Duplicated file found; will not be sent for synthesis: c:/Users/master/Desktop/final/CICC1837比赛资料/杯赛作品/vivado/fpga_hdmi/fpga_jjw1.srcs/sources_1/bd/sys_bd_design/ipshared/979d/hdl/sc_util_v1_0_vl_rfs.sv
Duplicated file found; will not be sent for synthesis: c:/Users/master/Desktop/final/CICC1837比赛资料/杯赛作品/vivado/fpga_hdmi/fpga_jjw1.srcs/sources_1/bd/sys_bd_design/ipshared/979d/hdl/verilog/sc_util_v1_0_4_constants.vh
Duplicated file found; will not be sent for synthesis: c:/Users/master/Desktop/final/CICC1837比赛资料/杯赛作品/vivado/fpga_hdmi/fpga_jjw1.srcs/sources_1/bd/sys_bd_design/ipshared/979d/hdl/verilog/sc_util_v1_0_4_structs.svh
Duplicated file found; will not be sent for synthesis: c:/Users/master/Desktop/final/CICC1837比赛资料/杯赛作品/vivado/fpga_hdmi/fpga_jjw1.srcs/sources_1/bd/sys_bd_design/ipshared/979d/hdl/sc_util_v1_0_vl_rfs.sv
Duplicated file found; will not be sent for synthesis: c:/Users/master/Desktop/final/CICC1837比赛资料/杯赛作品/vivado/fpga_hdmi/fpga_jjw1.srcs/sources_1/bd/sys_bd_design/ipshared/979d/hdl/verilog/sc_util_v1_0_4_constants.vh
Duplicated file found; will not be sent for synthesis: c:/Users/master/Desktop/final/CICC1837比赛资料/杯赛作品/vivado/fpga_hdmi/fpga_jjw1.srcs/sources_1/bd/sys_bd_design/ipshared/979d/hdl/verilog/sc_util_v1_0_4_structs.svh
Duplicated file found; will not be sent for synthesis: c:/Users/master/Desktop/final/CICC1837比赛资料/杯赛作品/vivado/fpga_hdmi/fpga_jjw1.srcs/sources_1/bd/sys_bd_design/ipshared/979d/hdl/sc_util_v1_0_vl_rfs.sv
Duplicated file found; will not be sent for synthesis: c:/Users/master/Desktop/final/CICC1837比赛资料/杯赛作品/vivado/fpga_hdmi/fpga_jjw1.srcs/sources_1/bd/sys_bd_design/ipshared/b2d0/hdl/verilog/sc_node_v1_0_10_t_reqsend.svh
Duplicated file found; will not be sent for synthesis: c:/Users/master/Desktop/final/CICC1837比赛资料/杯赛作品/vivado/fpga_hdmi/fpga_jjw1.srcs/sources_1/bd/sys_bd_design/ipshared/b2d0/hdl/sc_node_v1_0_vl_rfs.sv
Duplicated file found; will not be sent for synthesis: c:/Users/master/Desktop/final/CICC1837比赛资料/杯赛作品/vivado/fpga_hdmi/fpga_jjw1.srcs/sources_1/bd/sys_bd_design/ipshared/979d/hdl/verilog/sc_util_v1_0_4_constants.vh
Duplicated file found; will not be sent for synthesis: c:/Users/master/Desktop/final/CICC1837比赛资料/杯赛作品/vivado/fpga_hdmi/fpga_jjw1.srcs/sources_1/bd/sys_bd_design/ipshared/979d/hdl/verilog/sc_util_v1_0_4_structs.svh
Duplicated file found; will not be sent for synthesis: c:/Users/master/Desktop/final/CICC1837比赛资料/杯赛作品/vivado/fpga_hdmi/fpga_jjw1.srcs/sources_1/bd/sys_bd_design/ipshared/979d/hdl/sc_util_v1_0_vl_rfs.sv
Duplicated file found; will not be sent for synthesis: c:/Users/master/Desktop/final/CICC1837比赛资料/杯赛作品/vivado/fpga_hdmi/fpga_jjw1.srcs/sources_1/bd/sys_bd_design/ipshared/b2d0/hdl/verilog/sc_node_v1_0_10_t_reqsend.svh
Duplicated file found; will not be sent for synthesis: c:/Users/master/Desktop/final/CICC1837比赛资料/杯赛作品/vivado/fpga_hdmi/fpga_jjw1.srcs/sources_1/bd/sys_bd_design/ipshared/b2d0/hdl/sc_node_v1_0_vl_rfs.sv
Duplicated file found; will not be sent for synthesis: c:/Users/master/Desktop/final/CICC1837比赛资料/杯赛作品/vivado/fpga_hdmi/fpga_jjw1.srcs/sources_1/bd/sys_bd_design/ipshared/979d/hdl/verilog/sc_util_v1_0_4_constants.vh
Duplicated file found; will not be sent for synthesis: c:/Users/master/Desktop/final/CICC1837比赛资料/杯赛作品/vivado/fpga_hdmi/fpga_jjw1.srcs/sources_1/bd/sys_bd_design/ipshared/979d/hdl/verilog/sc_util_v1_0_4_structs.svh
Duplicated file found; will not be sent for synthesis: c:/Users/master/Desktop/final/CICC1837比赛资料/杯赛作品/vivado/fpga_hdmi/fpga_jjw1.srcs/sources_1/bd/sys_bd_design/ipshared/979d/hdl/sc_util_v1_0_vl_rfs.sv
Duplicated file found; will not be sent for synthesis: c:/Users/master/Desktop/final/CICC1837比赛资料/杯赛作品/vivado/fpga_hdmi/fpga_jjw1.srcs/sources_1/bd/sys_bd_design/ipshared/b2d0/hdl/verilog/sc_node_v1_0_10_t_reqsend.svh
Duplicated file found; will not be sent for synthesis: c:/Users/master/Desktop/final/CICC1837比赛资料/杯赛作品/vivado/fpga_hdmi/fpga_jjw1.srcs/sources_1/bd/sys_bd_design/ipshared/b2d0/hdl/sc_node_v1_0_vl_rfs.sv
Duplicated file found; will not be sent for synthesis: c:/Users/master/Desktop/final/CICC1837比赛资料/杯赛作品/vivado/fpga_hdmi/fpga_jjw1.srcs/sources_1/bd/sys_bd_design/ipshared/979d/hdl/verilog/sc_util_v1_0_4_constants.vh
Duplicated file found; will not be sent for synthesis: c:/Users/master/Desktop/final/CICC1837比赛资料/杯赛作品/vivado/fpga_hdmi/fpga_jjw1.srcs/sources_1/bd/sys_bd_design/ipshared/979d/hdl/verilog/sc_util_v1_0_4_structs.svh
Duplicated file found; will not be sent for synthesis: c:/Users/master/Desktop/final/CICC1837比赛资料/杯赛作品/vivado/fpga_hdmi/fpga_jjw1.srcs/sources_1/bd/sys_bd_design/ipshared/979d/hdl/sc_util_v1_0_vl_rfs.sv
Duplicated file found; will not be sent for synthesis: c:/Users/master/Desktop/final/CICC1837比赛资料/杯赛作品/vivado/fpga_hdmi/fpga_jjw1.srcs/sources_1/bd/sys_bd_design/ipshared/b2d0/hdl/verilog/sc_node_v1_0_10_t_reqsend.svh
Duplicated file found; will not be sent for synthesis: c:/Users/master/Desktop/final/CICC1837比赛资料/杯赛作品/vivado/fpga_hdmi/fpga_jjw1.srcs/sources_1/bd/sys_bd_design/ipshared/b2d0/hdl/sc_node_v1_0_vl_rfs.sv
Duplicated file found; will not be sent for synthesis: c:/Users/master/Desktop/final/CICC1837比赛资料/杯赛作品/vivado/fpga_hdmi/fpga_jjw1.srcs/sources_1/bd/sys_bd_design/ipshared/979d/hdl/verilog/sc_util_v1_0_4_constants.vh
Duplicated file found; will not be sent for synthesis: c:/Users/master/Desktop/final/CICC1837比赛资料/杯赛作品/vivado/fpga_hdmi/fpga_jjw1.srcs/sources_1/bd/sys_bd_design/ipshared/979d/hdl/verilog/sc_util_v1_0_4_structs.svh
Duplicated file found; will not be sent for synthesis: c:/Users/master/Desktop/final/CICC1837比赛资料/杯赛作品/vivado/fpga_hdmi/fpga_jjw1.srcs/sources_1/bd/sys_bd_design/ipshared/979d/hdl/sc_util_v1_0_vl_rfs.sv
Duplicated file found; will not be sent for synthesis: c:/Users/master/Desktop/final/CICC1837比赛资料/杯赛作品/vivado/fpga_hdmi/fpga_jjw1.srcs/sources_1/bd/sys_bd_design/ipshared/f85e/hdl/sc_mmu_v1_0_vl_rfs.sv
Duplicated file found; will not be sent for synthesis: c:/Users/master/Desktop/final/CICC1837比赛资料/杯赛作品/vivado/fpga_hdmi/fpga_jjw1.srcs/sources_1/bd/sys_bd_design/ipshared/979d/hdl/verilog/sc_util_v1_0_4_constants.vh
Duplicated file found; will not be sent for synthesis: c:/Users/master/Desktop/final/CICC1837比赛资料/杯赛作品/vivado/fpga_hdmi/fpga_jjw1.srcs/sources_1/bd/sys_bd_design/ipshared/979d/hdl/verilog/sc_util_v1_0_4_structs.svh
Duplicated file found; will not be sent for synthesis: c:/Users/master/Desktop/final/CICC1837比赛资料/杯赛作品/vivado/fpga_hdmi/fpga_jjw1.srcs/sources_1/bd/sys_bd_design/ipshared/979d/hdl/sc_util_v1_0_vl_rfs.sv
Duplicated file found; will not be sent for synthesis: c:/Users/master/Desktop/final/CICC1837比赛资料/杯赛作品/vivado/fpga_hdmi/fpga_jjw1.srcs/sources_1/bd/sys_bd_design/ipshared/ca72/hdl/sc_transaction_regulator_v1_0_vl_rfs.sv
Duplicated file found; will not be sent for synthesis: c:/Users/master/Desktop/final/CICC1837比赛资料/杯赛作品/vivado/fpga_hdmi/fpga_jjw1.srcs/sources_1/bd/sys_bd_design/ipshared/979d/hdl/verilog/sc_util_v1_0_4_constants.vh
Duplicated file found; will not be sent for synthesis: c:/Users/master/Desktop/final/CICC1837比赛资料/杯赛作品/vivado/fpga_hdmi/fpga_jjw1.srcs/sources_1/bd/sys_bd_design/ipshared/979d/hdl/verilog/sc_util_v1_0_4_structs.svh
Duplicated file found; will not be sent for synthesis: c:/Users/master/Desktop/final/CICC1837比赛资料/杯赛作品/vivado/fpga_hdmi/fpga_jjw1.srcs/sources_1/bd/sys_bd_design/ipshared/979d/hdl/sc_util_v1_0_vl_rfs.sv
Duplicated file found; will not be sent for synthesis: c:/Users/master/Desktop/final/CICC1837比赛资料/杯赛作品/vivado/fpga_hdmi/fpga_jjw1.srcs/sources_1/bd/sys_bd_design/ipshared/9ade/hdl/sc_si_converter_v1_0_vl_rfs.sv
Duplicated file found; will not be sent for synthesis: c:/Users/master/Desktop/final/CICC1837比赛资料/杯赛作品/vivado/fpga_hdmi/fpga_jjw1.srcs/sources_1/bd/sys_bd_design/ipshared/979d/hdl/verilog/sc_util_v1_0_4_constants.vh
Duplicated file found; will not be sent for synthesis: c:/Users/master/Desktop/final/CICC1837比赛资料/杯赛作品/vivado/fpga_hdmi/fpga_jjw1.srcs/sources_1/bd/sys_bd_design/ipshared/979d/hdl/verilog/sc_util_v1_0_4_structs.svh
Duplicated file found; will not be sent for synthesis: c:/Users/master/Desktop/final/CICC1837比赛资料/杯赛作品/vivado/fpga_hdmi/fpga_jjw1.srcs/sources_1/bd/sys_bd_design/ipshared/979d/hdl/sc_util_v1_0_vl_rfs.sv
Duplicated file found; will not be sent for synthesis: c:/Users/master/Desktop/final/CICC1837比赛资料/杯赛作品/vivado/fpga_hdmi/fpga_jjw1.srcs/sources_1/bd/sys_bd_design/ipshared/b89e/hdl/sc_axi2sc_v1_0_vl_rfs.sv
Duplicated file found; will not be sent for synthesis: c:/Users/master/Desktop/final/CICC1837比赛资料/杯赛作品/vivado/fpga_hdmi/fpga_jjw1.srcs/sources_1/bd/sys_bd_design/ipshared/979d/hdl/verilog/sc_util_v1_0_4_constants.vh
Duplicated file found; will not be sent for synthesis: c:/Users/master/Desktop/final/CICC1837比赛资料/杯赛作品/vivado/fpga_hdmi/fpga_jjw1.srcs/sources_1/bd/sys_bd_design/ipshared/979d/hdl/verilog/sc_util_v1_0_4_structs.svh
Duplicated file found; will not be sent for synthesis: c:/Users/master/Desktop/final/CICC1837比赛资料/杯赛作品/vivado/fpga_hdmi/fpga_jjw1.srcs/sources_1/bd/sys_bd_design/ipshared/979d/hdl/sc_util_v1_0_vl_rfs.sv
Duplicated file found; will not be sent for synthesis: c:/Users/master/Desktop/final/CICC1837比赛资料/杯赛作品/vivado/fpga_hdmi/fpga_jjw1.srcs/sources_1/bd/sys_bd_design/ipshared/b2d0/hdl/verilog/sc_node_v1_0_10_t_reqsend.svh
Duplicated file found; will not be sent for synthesis: c:/Users/master/Desktop/final/CICC1837比赛资料/杯赛作品/vivado/fpga_hdmi/fpga_jjw1.srcs/sources_1/bd/sys_bd_design/ipshared/b2d0/hdl/sc_node_v1_0_vl_rfs.sv
Duplicated file found; will not be sent for synthesis: c:/Users/master/Desktop/final/CICC1837比赛资料/杯赛作品/vivado/fpga_hdmi/fpga_jjw1.srcs/sources_1/bd/sys_bd_design/ipshared/979d/hdl/verilog/sc_util_v1_0_4_constants.vh
Duplicated file found; will not be sent for synthesis: c:/Users/master/Desktop/final/CICC1837比赛资料/杯赛作品/vivado/fpga_hdmi/fpga_jjw1.srcs/sources_1/bd/sys_bd_design/ipshared/979d/hdl/verilog/sc_util_v1_0_4_structs.svh
Duplicated file found; will not be sent for synthesis: c:/Users/master/Desktop/final/CICC1837比赛资料/杯赛作品/vivado/fpga_hdmi/fpga_jjw1.srcs/sources_1/bd/sys_bd_design/ipshared/979d/hdl/sc_util_v1_0_vl_rfs.sv
Duplicated file found; will not be sent for synthesis: c:/Users/master/Desktop/final/CICC1837比赛资料/杯赛作品/vivado/fpga_hdmi/fpga_jjw1.srcs/sources_1/bd/sys_bd_design/ipshared/b2d0/hdl/verilog/sc_node_v1_0_10_t_reqsend.svh
Duplicated file found; will not be sent for synthesis: c:/Users/master/Desktop/final/CICC1837比赛资料/杯赛作品/vivado/fpga_hdmi/fpga_jjw1.srcs/sources_1/bd/sys_bd_design/ipshared/b2d0/hdl/sc_node_v1_0_vl_rfs.sv
Duplicated file found; will not be sent for synthesis: c:/Users/master/Desktop/final/CICC1837比赛资料/杯赛作品/vivado/fpga_hdmi/fpga_jjw1.srcs/sources_1/bd/sys_bd_design/ipshared/979d/hdl/verilog/sc_util_v1_0_4_constants.vh
Duplicated file found; will not be sent for synthesis: c:/Users/master/Desktop/final/CICC1837比赛资料/杯赛作品/vivado/fpga_hdmi/fpga_jjw1.srcs/sources_1/bd/sys_bd_design/ipshared/979d/hdl/verilog/sc_util_v1_0_4_structs.svh
Duplicated file found; will not be sent for synthesis: c:/Users/master/Desktop/final/CICC1837比赛资料/杯赛作品/vivado/fpga_hdmi/fpga_jjw1.srcs/sources_1/bd/sys_bd_design/ipshared/979d/hdl/sc_util_v1_0_vl_rfs.sv
Duplicated file found; will not be sent for synthesis: c:/Users/master/Desktop/final/CICC1837比赛资料/杯赛作品/vivado/fpga_hdmi/fpga_jjw1.srcs/sources_1/bd/sys_bd_design/ipshared/979d/hdl/verilog/sc_util_v1_0_4_constants.vh
Duplicated file found; will not be sent for synthesis: c:/Users/master/Desktop/final/CICC1837比赛资料/杯赛作品/vivado/fpga_hdmi/fpga_jjw1.srcs/sources_1/bd/sys_bd_design/ipshared/979d/hdl/verilog/sc_util_v1_0_4_structs.svh
Duplicated file found; will not be sent for synthesis: c:/Users/master/Desktop/final/CICC1837比赛资料/杯赛作品/vivado/fpga_hdmi/fpga_jjw1.srcs/sources_1/bd/sys_bd_design/ipshared/979d/hdl/sc_util_v1_0_vl_rfs.sv
Duplicated file found; will not be sent for synthesis: c:/Users/master/Desktop/final/CICC1837比赛资料/杯赛作品/vivado/fpga_hdmi/fpga_jjw1.srcs/sources_1/bd/sys_bd_design/ipshared/b2d0/hdl/verilog/sc_node_v1_0_10_t_reqsend.svh
Duplicated file found; will not be sent for synthesis: c:/Users/master/Desktop/final/CICC1837比赛资料/杯赛作品/vivado/fpga_hdmi/fpga_jjw1.srcs/sources_1/bd/sys_bd_design/ipshared/b2d0/hdl/sc_node_v1_0_vl_rfs.sv
Duplicated file found; will not be sent for synthesis: c:/Users/master/Desktop/final/CICC1837比赛资料/杯赛作品/vivado/fpga_hdmi/fpga_jjw1.srcs/sources_1/bd/sys_bd_design/ipshared/979d/hdl/verilog/sc_util_v1_0_4_constants.vh
Duplicated file found; will not be sent for synthesis: c:/Users/master/Desktop/final/CICC1837比赛资料/杯赛作品/vivado/fpga_hdmi/fpga_jjw1.srcs/sources_1/bd/sys_bd_design/ipshared/979d/hdl/verilog/sc_util_v1_0_4_structs.svh
Duplicated file found; will not be sent for synthesis: c:/Users/master/Desktop/final/CICC1837比赛资料/杯赛作品/vivado/fpga_hdmi/fpga_jjw1.srcs/sources_1/bd/sys_bd_design/ipshared/979d/hdl/sc_util_v1_0_vl_rfs.sv
Duplicated file found; will not be sent for synthesis: c:/Users/master/Desktop/final/CICC1837比赛资料/杯赛作品/vivado/fpga_hdmi/fpga_jjw1.srcs/sources_1/bd/sys_bd_design/ipshared/b2d0/hdl/verilog/sc_node_v1_0_10_t_reqsend.svh
Duplicated file found; will not be sent for synthesis: c:/Users/master/Desktop/final/CICC1837比赛资料/杯赛作品/vivado/fpga_hdmi/fpga_jjw1.srcs/sources_1/bd/sys_bd_design/ipshared/b2d0/hdl/sc_node_v1_0_vl_rfs.sv
Duplicated file found; will not be sent for synthesis: c:/Users/master/Desktop/final/CICC1837比赛资料/杯赛作品/vivado/fpga_hdmi/fpga_jjw1.srcs/sources_1/bd/sys_bd_design/ipshared/979d/hdl/verilog/sc_util_v1_0_4_constants.vh
Duplicated file found; will not be sent for synthesis: c:/Users/master/Desktop/final/CICC1837比赛资料/杯赛作品/vivado/fpga_hdmi/fpga_jjw1.srcs/sources_1/bd/sys_bd_design/ipshared/979d/hdl/verilog/sc_util_v1_0_4_structs.svh
Duplicated file found; will not be sent for synthesis: c:/Users/master/Desktop/final/CICC1837比赛资料/杯赛作品/vivado/fpga_hdmi/fpga_jjw1.srcs/sources_1/bd/sys_bd_design/ipshared/979d/hdl/sc_util_v1_0_vl_rfs.sv
Duplicated file found; will not be sent for synthesis: c:/Users/master/Desktop/final/CICC1837比赛资料/杯赛作品/vivado/fpga_hdmi/fpga_jjw1.srcs/sources_1/bd/sys_bd_design/ipshared/b2d0/hdl/verilog/sc_node_v1_0_10_t_reqsend.svh
Duplicated file found; will not be sent for synthesis: c:/Users/master/Desktop/final/CICC1837比赛资料/杯赛作品/vivado/fpga_hdmi/fpga_jjw1.srcs/sources_1/bd/sys_bd_design/ipshared/b2d0/hdl/sc_node_v1_0_vl_rfs.sv
Duplicated file found; will not be sent for synthesis: c:/Users/master/Desktop/final/CICC1837比赛资料/杯赛作品/vivado/fpga_hdmi/fpga_jjw1.srcs/sources_1/bd/sys_bd_design/ipshared/979d/hdl/verilog/sc_util_v1_0_4_constants.vh
Duplicated file found; will not be sent for synthesis: c:/Users/master/Desktop/final/CICC1837比赛资料/杯赛作品/vivado/fpga_hdmi/fpga_jjw1.srcs/sources_1/bd/sys_bd_design/ipshared/979d/hdl/verilog/sc_util_v1_0_4_structs.svh
Duplicated file found; will not be sent for synthesis: c:/Users/master/Desktop/final/CICC1837比赛资料/杯赛作品/vivado/fpga_hdmi/fpga_jjw1.srcs/sources_1/bd/sys_bd_design/ipshared/979d/hdl/sc_util_v1_0_vl_rfs.sv
Duplicated file found; will not be sent for synthesis: c:/Users/master/Desktop/final/CICC1837比赛资料/杯赛作品/vivado/fpga_hdmi/fpga_jjw1.srcs/sources_1/bd/sys_bd_design/ipshared/b2d0/hdl/verilog/sc_node_v1_0_10_t_reqsend.svh
Duplicated file found; will not be sent for synthesis: c:/Users/master/Desktop/final/CICC1837比赛资料/杯赛作品/vivado/fpga_hdmi/fpga_jjw1.srcs/sources_1/bd/sys_bd_design/ipshared/b2d0/hdl/sc_node_v1_0_vl_rfs.sv
Duplicated file found; will not be sent for synthesis: c:/Users/master/Desktop/final/CICC1837比赛资料/杯赛作品/vivado/fpga_hdmi/fpga_jjw1.srcs/sources_1/bd/sys_bd_design/ipshared/979d/hdl/verilog/sc_util_v1_0_4_constants.vh
Duplicated file found; will not be sent for synthesis: c:/Users/master/Desktop/final/CICC1837比赛资料/杯赛作品/vivado/fpga_hdmi/fpga_jjw1.srcs/sources_1/bd/sys_bd_design/ipshared/979d/hdl/verilog/sc_util_v1_0_4_structs.svh
Duplicated file found; will not be sent for synthesis: c:/Users/master/Desktop/final/CICC1837比赛资料/杯赛作品/vivado/fpga_hdmi/fpga_jjw1.srcs/sources_1/bd/sys_bd_design/ipshared/979d/hdl/sc_util_v1_0_vl_rfs.sv
Duplicated file found; will not be sent for synthesis: c:/Users/master/Desktop/final/CICC1837比赛资料/杯赛作品/vivado/fpga_hdmi/fpga_jjw1.srcs/sources_1/bd/sys_bd_design/ipshared/b2d0/hdl/verilog/sc_node_v1_0_10_t_reqsend.svh
Duplicated file found; will not be sent for synthesis: c:/Users/master/Desktop/final/CICC1837比赛资料/杯赛作品/vivado/fpga_hdmi/fpga_jjw1.srcs/sources_1/bd/sys_bd_design/ipshared/b2d0/hdl/sc_node_v1_0_vl_rfs.sv
Duplicated file found; will not be sent for synthesis: c:/Users/master/Desktop/final/CICC1837比赛资料/杯赛作品/vivado/fpga_hdmi/fpga_jjw1.srcs/sources_1/bd/sys_bd_design/ipshared/979d/hdl/verilog/sc_util_v1_0_4_constants.vh
Duplicated file found; will not be sent for synthesis: c:/Users/master/Desktop/final/CICC1837比赛资料/杯赛作品/vivado/fpga_hdmi/fpga_jjw1.srcs/sources_1/bd/sys_bd_design/ipshared/979d/hdl/verilog/sc_util_v1_0_4_structs.svh
Duplicated file found; will not be sent for synthesis: c:/Users/master/Desktop/final/CICC1837比赛资料/杯赛作品/vivado/fpga_hdmi/fpga_jjw1.srcs/sources_1/bd/sys_bd_design/ipshared/979d/hdl/sc_util_v1_0_vl_rfs.sv
Duplicated file found; will not be sent for synthesis: c:/Users/master/Desktop/final/CICC1837比赛资料/杯赛作品/vivado/fpga_hdmi/fpga_jjw1.srcs/sources_1/bd/sys_bd_design/ipshared/979d/hdl/verilog/sc_util_v1_0_4_constants.vh
Duplicated file found; will not be sent for synthesis: c:/Users/master/Desktop/final/CICC1837比赛资料/杯赛作品/vivado/fpga_hdmi/fpga_jjw1.srcs/sources_1/bd/sys_bd_design/ipshared/979d/hdl/verilog/sc_util_v1_0_4_structs.svh
Duplicated file found; will not be sent for synthesis: c:/Users/master/Desktop/final/CICC1837比赛资料/杯赛作品/vivado/fpga_hdmi/fpga_jjw1.srcs/sources_1/bd/sys_bd_design/ipshared/979d/hdl/sc_util_v1_0_vl_rfs.sv
Duplicated file found; will not be sent for synthesis: c:/Users/master/Desktop/final/CICC1837比赛资料/杯赛作品/vivado/fpga_hdmi/fpga_jjw1.srcs/sources_1/bd/sys_bd_design/ipshared/7005/hdl/sc_sc2axi_v1_0_vl_rfs.sv
Duplicated file found; will not be sent for synthesis: c:/Users/master/Desktop/final/CICC1837比赛资料/杯赛作品/vivado/fpga_hdmi/fpga_jjw1.srcs/sources_1/bd/sys_bd_design/ipshared/979d/hdl/verilog/sc_util_v1_0_4_constants.vh
Duplicated file found; will not be sent for synthesis: c:/Users/master/Desktop/final/CICC1837比赛资料/杯赛作品/vivado/fpga_hdmi/fpga_jjw1.srcs/sources_1/bd/sys_bd_design/ipshared/979d/hdl/verilog/sc_util_v1_0_4_structs.svh
Duplicated file found; will not be sent for synthesis: c:/Users/master/Desktop/final/CICC1837比赛资料/杯赛作品/vivado/fpga_hdmi/fpga_jjw1.srcs/sources_1/bd/sys_bd_design/ipshared/979d/hdl/sc_util_v1_0_vl_rfs.sv
Duplicated file found; will not be sent for synthesis: c:/Users/master/Desktop/final/CICC1837比赛资料/杯赛作品/vivado/fpga_hdmi/fpga_jjw1.srcs/sources_1/bd/sys_bd_design/ipshared/b2d0/hdl/verilog/sc_node_v1_0_10_t_reqsend.svh
Duplicated file found; will not be sent for synthesis: c:/Users/master/Desktop/final/CICC1837比赛资料/杯赛作品/vivado/fpga_hdmi/fpga_jjw1.srcs/sources_1/bd/sys_bd_design/ipshared/b2d0/hdl/sc_node_v1_0_vl_rfs.sv
Duplicated file found; will not be sent for synthesis: c:/Users/master/Desktop/final/CICC1837比赛资料/杯赛作品/vivado/fpga_hdmi/fpga_jjw1.srcs/sources_1/bd/sys_bd_design/ipshared/979d/hdl/verilog/sc_util_v1_0_4_constants.vh
Duplicated file found; will not be sent for synthesis: c:/Users/master/Desktop/final/CICC1837比赛资料/杯赛作品/vivado/fpga_hdmi/fpga_jjw1.srcs/sources_1/bd/sys_bd_design/ipshared/979d/hdl/verilog/sc_util_v1_0_4_structs.svh
Duplicated file found; will not be sent for synthesis: c:/Users/master/Desktop/final/CICC1837比赛资料/杯赛作品/vivado/fpga_hdmi/fpga_jjw1.srcs/sources_1/bd/sys_bd_design/ipshared/979d/hdl/sc_util_v1_0_vl_rfs.sv
Duplicated file found; will not be sent for synthesis: c:/Users/master/Desktop/final/CICC1837比赛资料/杯赛作品/vivado/fpga_hdmi/fpga_jjw1.srcs/sources_1/bd/sys_bd_design/ipshared/b2d0/hdl/verilog/sc_node_v1_0_10_t_reqsend.svh
Duplicated file found; will not be sent for synthesis: c:/Users/master/Desktop/final/CICC1837比赛资料/杯赛作品/vivado/fpga_hdmi/fpga_jjw1.srcs/sources_1/bd/sys_bd_design/ipshared/b2d0/hdl/sc_node_v1_0_vl_rfs.sv
Duplicated file found; will not be sent for synthesis: c:/Users/master/Desktop/final/CICC1837比赛资料/杯赛作品/vivado/fpga_hdmi/fpga_jjw1.srcs/sources_1/bd/sys_bd_design/ipshared/979d/hdl/verilog/sc_util_v1_0_4_constants.vh
Duplicated file found; will not be sent for synthesis: c:/Users/master/Desktop/final/CICC1837比赛资料/杯赛作品/vivado/fpga_hdmi/fpga_jjw1.srcs/sources_1/bd/sys_bd_design/ipshared/979d/hdl/verilog/sc_util_v1_0_4_structs.svh
Duplicated file found; will not be sent for synthesis: c:/Users/master/Desktop/final/CICC1837比赛资料/杯赛作品/vivado/fpga_hdmi/fpga_jjw1.srcs/sources_1/bd/sys_bd_design/ipshared/979d/hdl/sc_util_v1_0_vl_rfs.sv
Duplicated file found; will not be sent for synthesis: c:/Users/master/Desktop/final/CICC1837比赛资料/杯赛作品/vivado/fpga_hdmi/fpga_jjw1.srcs/sources_1/bd/sys_bd_design/ipshared/b2d0/hdl/verilog/sc_node_v1_0_10_t_reqsend.svh
Duplicated file found; will not be sent for synthesis: c:/Users/master/Desktop/final/CICC1837比赛资料/杯赛作品/vivado/fpga_hdmi/fpga_jjw1.srcs/sources_1/bd/sys_bd_design/ipshared/b2d0/hdl/sc_node_v1_0_vl_rfs.sv
Duplicated file found; will not be sent for synthesis: c:/Users/master/Desktop/final/CICC1837比赛资料/杯赛作品/vivado/fpga_hdmi/fpga_jjw1.srcs/sources_1/bd/sys_bd_design/ipshared/979d/hdl/verilog/sc_util_v1_0_4_constants.vh
Duplicated file found; will not be sent for synthesis: c:/Users/master/Desktop/final/CICC1837比赛资料/杯赛作品/vivado/fpga_hdmi/fpga_jjw1.srcs/sources_1/bd/sys_bd_design/ipshared/979d/hdl/verilog/sc_util_v1_0_4_structs.svh
Duplicated file found; will not be sent for synthesis: c:/Users/master/Desktop/final/CICC1837比赛资料/杯赛作品/vivado/fpga_hdmi/fpga_jjw1.srcs/sources_1/bd/sys_bd_design/ipshared/979d/hdl/sc_util_v1_0_vl_rfs.sv
Duplicated file found; will not be sent for synthesis: c:/Users/master/Desktop/final/CICC1837比赛资料/杯赛作品/vivado/fpga_hdmi/fpga_jjw1.srcs/sources_1/bd/sys_bd_design/ipshared/b2d0/hdl/verilog/sc_node_v1_0_10_t_reqsend.svh
Duplicated file found; will not be sent for synthesis: c:/Users/master/Desktop/final/CICC1837比赛资料/杯赛作品/vivado/fpga_hdmi/fpga_jjw1.srcs/sources_1/bd/sys_bd_design/ipshared/b2d0/hdl/sc_node_v1_0_vl_rfs.sv
Duplicated file found; will not be sent for synthesis: c:/Users/master/Desktop/final/CICC1837比赛资料/杯赛作品/vivado/fpga_hdmi/fpga_jjw1.srcs/sources_1/bd/sys_bd_design/ipshared/979d/hdl/verilog/sc_util_v1_0_4_constants.vh
Duplicated file found; will not be sent for synthesis: c:/Users/master/Desktop/final/CICC1837比赛资料/杯赛作品/vivado/fpga_hdmi/fpga_jjw1.srcs/sources_1/bd/sys_bd_design/ipshared/979d/hdl/verilog/sc_util_v1_0_4_structs.svh
Duplicated file found; will not be sent for synthesis: c:/Users/master/Desktop/final/CICC1837比赛资料/杯赛作品/vivado/fpga_hdmi/fpga_jjw1.srcs/sources_1/bd/sys_bd_design/ipshared/979d/hdl/sc_util_v1_0_vl_rfs.sv
Duplicated file found; will not be sent for synthesis: c:/Users/master/Desktop/final/CICC1837比赛资料/杯赛作品/vivado/fpga_hdmi/fpga_jjw1.srcs/sources_1/bd/sys_bd_design/ipshared/b2d0/hdl/verilog/sc_node_v1_0_10_t_reqsend.svh
Duplicated file found; will not be sent for synthesis: c:/Users/master/Desktop/final/CICC1837比赛资料/杯赛作品/vivado/fpga_hdmi/fpga_jjw1.srcs/sources_1/bd/sys_bd_design/ipshared/b2d0/hdl/sc_node_v1_0_vl_rfs.sv
Duplicated file found; will not be sent for synthesis: c:/Users/master/Desktop/final/CICC1837比赛资料/杯赛作品/vivado/fpga_hdmi/fpga_jjw1.srcs/sources_1/bd/sys_bd_design/ipshared/979d/hdl/verilog/sc_util_v1_0_4_constants.vh
Duplicated file found; will not be sent for synthesis: c:/Users/master/Desktop/final/CICC1837比赛资料/杯赛作品/vivado/fpga_hdmi/fpga_jjw1.srcs/sources_1/bd/sys_bd_design/ipshared/979d/hdl/verilog/sc_util_v1_0_4_structs.svh
Duplicated file found; will not be sent for synthesis: c:/Users/master/Desktop/final/CICC1837比赛资料/杯赛作品/vivado/fpga_hdmi/fpga_jjw1.srcs/sources_1/bd/sys_bd_design/ipshared/979d/hdl/sc_util_v1_0_vl_rfs.sv
Duplicated file found; will not be sent for synthesis: c:/Users/master/Desktop/final/CICC1837比赛资料/杯赛作品/vivado/fpga_hdmi/fpga_jjw1.srcs/sources_1/bd/sys_bd_design/ipshared/b387/hdl/sc_exit_v1_0_vl_rfs.sv
Duplicated file found; will not be sent for synthesis: c:/Users/master/Desktop/final/CICC1837比赛资料/杯赛作品/vivado/fpga_hdmi/fpga_jjw1.srcs/sources_1/bd/sys_bd_design/ipshared/b752/hdl/generic_baseblocks_v2_1_vl_rfs.v
Duplicated file found; will not be sent for synthesis: c:/Users/master/Desktop/final/CICC1837比赛资料/杯赛作品/vivado/fpga_hdmi/fpga_jjw1.srcs/sources_1/bd/sys_bd_design/ipshared/c4fd/hdl/axi_data_fifo_v2_1_vl_rfs.v
Duplicated file found; will not be sent for synthesis: c:/Users/master/Desktop/final/CICC1837比赛资料/杯赛作品/vivado/fpga_hdmi/fpga_jjw1.srcs/sources_1/bd/sys_bd_design/ipshared/ec67/hdl/axi_infrastructure_v1_1_0.vh
Duplicated file found; will not be sent for synthesis: c:/Users/master/Desktop/final/CICC1837比赛资料/杯赛作品/vivado/fpga_hdmi/fpga_jjw1.srcs/sources_1/bd/sys_bd_design/ipshared/ec67/hdl/axi_infrastructure_v1_1_vl_rfs.v
Duplicated file found; will not be sent for synthesis: c:/Users/master/Desktop/final/CICC1837比赛资料/杯赛作品/vivado/fpga_hdmi/fpga_jjw1.srcs/sources_1/bd/sys_bd_design/ipshared/cc23/hdl/axi_register_slice_v2_1_vl_rfs.v
Duplicated file found; will not be sent for synthesis: c:/Users/master/Desktop/final/CICC1837比赛资料/杯赛作品/vivado/fpga_hdmi/fpga_jjw1.srcs/sources_1/bd/sys_bd_design/ipshared/37c2/hdl/blk_mem_gen_v8_4_vhsyn_rfs.vhd
Duplicated file found; will not be sent for synthesis: c:/Users/master/Desktop/final/CICC1837比赛资料/杯赛作品/vivado/fpga_hdmi/fpga_jjw1.srcs/sources_1/bd/sys_bd_design/ipshared/64f4/hdl/fifo_generator_v13_2_vhsyn_rfs.vhd
CRC performance measure: elapsed=00:00:00.010s;;memory_peak=397.484MB;;memory_gain=0.000MB
